2025-11-19 19:43:43 | INFO | twap_state_tracker | Loaded 1169 addresses from history
2025-11-19 19:43:43 | INFO | twap_state_tracker | TWAP State Tracker initialized for HYPE
2025-11-19 19:44:37 | INFO | twap_state_tracker | [HYPE] UPDATE #1
2025-11-19 19:44:37 | INFO | twap_state_tracker | ======================================================================
2025-11-19 19:44:37 | INFO | twap_state_tracker | Total Orders: 18 | Active: 8 (1 SPOT, 17 PERP)
2025-11-19 19:44:37 | INFO | twap_state_tracker | 💵 SPOT Pressure/min: Buy 0.0 | Sell 186.0 | Net -186.0
2025-11-19 19:44:37 | INFO | twap_state_tracker | ⚡ PERP Pressure/min: Buy 12.4 | Sell 2.2 | Net +10.2
2025-11-19 19:44:37 | INFO | twap_state_tracker | 📊 TOTAL Pressure/min: Buy 12.4 | Sell 188.2 | Net -175.8
2025-11-19 19:44:37 | INFO | twap_state_tracker | ======================================================================
2025-11-19 19:44:37 | INFO | twap_state_tracker | 💵 SPOT MARKET - 1 Active Orders
2025-11-19 19:44:37 | INFO | twap_state_tracker | ----------------------------------------------------------------------
2025-11-19 19:44:37 | INFO | twap_state_tracker |   🔴 0x7451d7dc1570f2be4aa3eca8d482dff117570ab7 | SELL |      5,580 |   0.5h
2025-11-19 19:44:37 | INFO | twap_state_tracker | ======================================================================
2025-11-19 19:44:37 | INFO | twap_state_tracker | ⚡ PERP MARKET - 7 Active Orders
2025-11-19 19:44:37 | INFO | twap_state_tracker | ----------------------------------------------------------------------
2025-11-19 19:44:37 | INFO | twap_state_tracker |   🟢 0x6ee75f1da817dccc144498b8a958d1199ae040d3 | BUY  |      1,825 |  15.5h
2025-11-19 19:44:37 | INFO | twap_state_tracker |   🟢 0xa9184bb57fd75c7c63e4c074d6319eceac6be53b | BUY  |      1,294 |  24.0h
2025-11-19 19:44:37 | INFO | twap_state_tracker |   🟢 0x29998ebd5be758fdaa06f0ef48d6c890978b65de | BUY  |        766 |   2.5h
2025-11-19 19:44:37 | INFO | twap_state_tracker |   🟢 0x29998ebd5be758fdaa06f0ef48d6c890978b65de | BUY  |        738 |   3.5h
2025-11-19 19:44:37 | INFO | twap_state_tracker |   🔴 0xbd37cad03bd7c7de84ef4ffc87bb52079bf3653d | SELL |        386 |   4.0h
2025-11-19 19:44:37 | INFO | twap_state_tracker |   🔴 0x38753f842c420149082e72f5411924e26d8f9e1e | SELL |        133 |   4.0h
2025-11-19 19:44:37 | INFO | twap_state_tracker |   🟢 0x547115095b2c969071e5e4034eb73759afe591d3 | BUY  |         27 |   0.5h
2025-11-19 19:44:37 | INFO | twap_state_tracker | ======================================================================
